../Core/Src/main.c:93:5:main	176	dynamic
../Core/Src/main.c:179:6:SystemClock_Config	88	static
../Core/Src/main.c:226:13:MX_ADC1_Init	24	static
../Core/Src/main.c:280:13:MX_DAC_Init	16	static
../Core/Src/main.c:328:13:MX_TIM6_Init	16	static
../Core/Src/main.c:366:13:MX_USART2_UART_Init	8	static
../Core/Src/main.c:399:13:MX_USART3_UART_Init	8	static
../Core/Src/main.c:432:13:MX_USB_OTG_FS_PCD_Init	8	static
../Core/Src/main.c:465:13:MX_DMA_Init	16	static
../Core/Src/main.c:487:13:MX_GPIO_Init	56	static
../Core/Src/main.c:543:6:HAL_UART_RxCpltCallback	16	static
../Core/Src/main.c:554:6:UART2_Receive	16	static
../Core/Src/main.c:560:6:HAL_ADC_ConvCpltCallback	24	static
../Core/Src/main.c:607:6:Error_Handler	4	static,ignoring_inline_asm
