../Core/Src/main.c:79:5:main	80	dynamic
../Core/Src/main.c:161:6:SystemClock_Config	88	static
../Core/Src/main.c:208:13:MX_DAC_Init	16	static
../Core/Src/main.c:255:13:MX_TIM6_Init	16	static
../Core/Src/main.c:293:13:MX_USART2_UART_Init	8	static
../Core/Src/main.c:326:13:MX_USART3_UART_Init	8	static
../Core/Src/main.c:359:13:MX_USB_OTG_FS_PCD_Init	8	static
../Core/Src/main.c:394:13:MX_GPIO_Init	56	static
../Core/Src/main.c:450:6:HAL_UART_RxCpltCallback	16	static
../Core/Src/main.c:461:6:UART2_Receive	16	static
../Core/Src/main.c:472:6:Error_Handler	4	static,ignoring_inline_asm
